// Jest Snapshot v1, https://goo.gl/fbAQLP

exports[`MaintainerList: Component should render correctly 1`] = `
<styled.div>
  <styled.h2>
    <FormattedMessage
      defaultMessage="Maintainers"
      id="home.maintainerList.title"
      values={Object {}}
    />
  </styled.h2>
  <styled.ul>
    <styled.li
      key="0"
    >
      <styled.a
        href="mailto:email1@domain.com"
      >
         
        maintainer1
      </styled.a>
    </styled.li>
    <styled.li
      key="1"
    >
      <styled.a
        href="mailto:email2@domain.com"
      >
         
        maintainer2
      </styled.a>
    </styled.li>
  </styled.ul>
</styled.div>
`;
