// Jest Snapshot v1, https://goo.gl/fbAQLP

exports[`LanguageSwitcher: Component should render correctly 1`] = `
<styled.select
  onChange={[Function]}
  value="en"
>
  <option
    key="0"
    value="en"
  >
    en
  </option>
  <option
    key="1"
    value="pl"
  >
    pl
  </option>
</styled.select>
`;
